[14-Sep-2025 11:55:35 UTC] PHP Warning:  session_start(): Session cannot be started after headers have already been sent in /var/www/html/rezerwacja.php on line 156
[14-Sep-2025 11:55:35 UTC] PHP Warning:  Undefined array key "captcha_code" in /var/www/html/rezerwacja.php on line 191
[14-Sep-2025 11:55:35 UTC] DEBUG: Formularz nie przeszedł walidacji
[14-Sep-2025 11:56:07 UTC] PHP Warning:  session_start(): Session cannot be started after headers have already been sent in /var/www/html/rezerwacja.php on line 156
[14-Sep-2025 11:56:07 UTC] PHP Warning:  Undefined array key "captcha_code" in /var/www/html/rezerwacja.php on line 191
[14-Sep-2025 11:56:07 UTC] DEBUG: Formularz nie przeszedł walidacji
[14-Sep-2025 11:56:45 UTC] PHP Warning:  session_start(): Session cannot be started after headers have already been sent in /var/www/html/rezerwacja.php on line 156
[14-Sep-2025 11:56:45 UTC] PHP Warning:  Undefined array key "captcha_code" in /var/www/html/rezerwacja.php on line 191
[14-Sep-2025 11:56:45 UTC] DEBUG: Formularz nie przeszedł walidacji
[14-Sep-2025 11:57:10 UTC] PHP Warning:  session_start(): Session cannot be started after headers have already been sent in /var/www/html/rezerwacja.php on line 156
[14-Sep-2025 11:57:10 UTC] PHP Warning:  Undefined array key "captcha_code" in /var/www/html/rezerwacja.php on line 191
[14-Sep-2025 11:57:10 UTC] DEBUG: Formularz nie przeszedł walidacji
[14-Sep-2025 11:58:54 UTC] PHP Warning:  session_start(): Session cannot be started after headers have already been sent in /var/www/html/rezerwacja.php on line 156
[14-Sep-2025 11:58:54 UTC] DEBUG: Formularz nie przeszedł walidacji
[14-Sep-2025 11:58:56 UTC] PHP Warning:  session_start(): Session cannot be started after headers have already been sent in /var/www/html/rezerwacja.php on line 156
[14-Sep-2025 11:58:56 UTC] DEBUG: Formularz nie przeszedł walidacji
[14-Sep-2025 11:58:57 UTC] PHP Warning:  session_start(): Session cannot be started after headers have already been sent in /var/www/html/rezerwacja.php on line 156
[14-Sep-2025 11:58:57 UTC] DEBUG: Formularz nie przeszedł walidacji
[14-Sep-2025 11:58:57 UTC] PHP Warning:  session_start(): Session cannot be started after headers have already been sent in /var/www/html/rezerwacja.php on line 156
[14-Sep-2025 11:58:57 UTC] DEBUG: Formularz nie przeszedł walidacji
[14-Sep-2025 11:58:58 UTC] PHP Warning:  session_start(): Session cannot be started after headers have already been sent in /var/www/html/rezerwacja.php on line 156
[14-Sep-2025 11:58:58 UTC] DEBUG: Formularz nie przeszedł walidacji
[14-Sep-2025 11:58:59 UTC] PHP Warning:  session_start(): Session cannot be started after headers have already been sent in /var/www/html/rezerwacja.php on line 156
[14-Sep-2025 11:58:59 UTC] DEBUG: Formularz nie przeszedł walidacji
[14-Sep-2025 11:59:00 UTC] PHP Warning:  session_start(): Session cannot be started after headers have already been sent in /var/www/html/rezerwacja.php on line 156
[14-Sep-2025 11:59:00 UTC] DEBUG: Formularz nie przeszedł walidacji
[14-Sep-2025 11:59:12 UTC] PHP Warning:  session_start(): Session cannot be started after headers have already been sent in /var/www/html/rezerwacja.php on line 156
[14-Sep-2025 11:59:37 UTC] PHP Warning:  session_start(): Session cannot be started after headers have already been sent in /var/www/html/rezerwacja.php on line 156
[14-Sep-2025 11:59:37 UTC] DEBUG: Formularz nie przeszedł walidacji
[14-Sep-2025 12:00:20 UTC] PHP Warning:  session_start(): Session cannot be started after headers have already been sent in /var/www/html/rezerwacja.php on line 156
[14-Sep-2025 12:00:20 UTC] DEBUG: Formularz nie przeszedł walidacji
[14-Sep-2025 12:00:24 UTC] PHP Warning:  session_start(): Session cannot be started after headers have already been sent in /var/www/html/rezerwacja.php on line 156
[14-Sep-2025 12:00:24 UTC] DEBUG: Formularz nie przeszedł walidacji
[14-Sep-2025 12:00:26 UTC] PHP Warning:  session_start(): Session cannot be started after headers have already been sent in /var/www/html/rezerwacja.php on line 156
[14-Sep-2025 12:00:26 UTC] DEBUG: Formularz nie przeszedł walidacji
[14-Sep-2025 12:00:27 UTC] PHP Warning:  session_start(): Session cannot be started after headers have already been sent in /var/www/html/rezerwacja.php on line 156
[14-Sep-2025 12:00:27 UTC] DEBUG: Formularz nie przeszedł walidacji
[14-Sep-2025 12:04:01 UTC] PHP Warning:  session_start(): Session cannot be started after headers have already been sent in /var/www/html/rezerwacja.php on line 156
[14-Sep-2025 12:04:01 UTC] DEBUG: Formularz nie przeszedł walidacji
[14-Sep-2025 12:05:27 UTC] PHP Warning:  session_start(): Session cannot be started after headers have already been sent in /var/www/html/rezerwacja.php on line 156
[14-Sep-2025 12:05:27 UTC] DEBUG: Formularz nie przeszedł walidacji
[14-Sep-2025 12:06:45 UTC] PHP Warning:  session_start(): Session cannot be started after headers have already been sent in /var/www/html/rezerwacja.php on line 156
[14-Sep-2025 12:06:45 UTC] PHP Warning:  session_start(): Session cannot be started after headers have already been sent in /var/www/html/rezerwacja.php on line 156
[14-Sep-2025 12:06:45 UTC] DEBUG: Formularz nie przeszedł walidacji
[14-Sep-2025 12:06:45 UTC] DEBUG: Formularz nie przeszedł walidacji
[14-Sep-2025 12:21:49 UTC] PHP Warning:  session_start(): Session cannot be started after headers have already been sent in /var/www/html/rezerwacja.php on line 156
[14-Sep-2025 12:22:10 UTC] PHP Warning:  session_start(): Session cannot be started after headers have already been sent in /var/www/html/rezerwacja.php on line 156
[14-Sep-2025 12:22:10 UTC] DEBUG: Formularz nie przeszedł walidacji
[14-Sep-2025 12:23:58 UTC] PHP Warning:  session_start(): Session cannot be started after headers have already been sent in /var/www/html/rezerwacja.php on line 156
[14-Sep-2025 12:26:24 UTC] PHP Warning:  session_start(): Session cannot be started after headers have already been sent in /var/www/html/rezerwacja.php on line 156
[14-Sep-2025 12:26:38 UTC] PHP Warning:  session_start(): Session cannot be started after headers have already been sent in /var/www/html/rezerwacja.php on line 156
[14-Sep-2025 12:26:40 UTC] PHP Warning:  session_start(): Session cannot be started after headers have already been sent in /var/www/html/rezerwacja.php on line 156
[14-Sep-2025 12:28:00 UTC] PHP Warning:  session_start(): Session cannot be started after headers have already been sent in /var/www/html/rezerwacja.php on line 156
[14-Sep-2025 12:28:00 UTC] DEBUG: Formularz nie przeszedł walidacji
[14-Sep-2025 12:28:38 UTC] PHP Warning:  session_start(): Session cannot be started after headers have already been sent in /var/www/html/rezerwacja.php on line 156
[14-Sep-2025 12:28:38 UTC] DEBUG: Formularz nie przeszedł walidacji
[14-Sep-2025 12:28:42 UTC] PHP Warning:  session_start(): Session cannot be started after headers have already been sent in /var/www/html/rezerwacja.php on line 156
[14-Sep-2025 12:28:42 UTC] DEBUG: Formularz nie przeszedł walidacji
[14-Sep-2025 12:28:43 UTC] PHP Warning:  session_start(): Session cannot be started after headers have already been sent in /var/www/html/rezerwacja.php on line 156
[14-Sep-2025 12:28:43 UTC] DEBUG: Formularz nie przeszedł walidacji
[14-Sep-2025 12:28:49 UTC] PHP Warning:  session_start(): Session cannot be started after headers have already been sent in /var/www/html/rezerwacja.php on line 156
[14-Sep-2025 12:28:58 UTC] PHP Warning:  session_start(): Session cannot be started after headers have already been sent in /var/www/html/rezerwacja.php on line 156
[14-Sep-2025 12:29:33 UTC] PHP Warning:  session_start(): Session cannot be started after headers have already been sent in /var/www/html/rezerwacja.php on line 156
[14-Sep-2025 12:30:32 UTC] PHP Warning:  session_start(): Session cannot be started after headers have already been sent in /var/www/html/rezerwacja.php on line 156
[14-Sep-2025 12:30:32 UTC] DEBUG CAPTCHA: Wprowadzony: '24836', Sesja: '23206'
[14-Sep-2025 12:30:32 UTC] DEBUG: Formularz nie przeszedł walidacji
[14-Sep-2025 12:35:32 UTC] DEBUG CAPTCHA: Wprowadzony: '24836', Sesja: '98138'
[14-Sep-2025 12:35:32 UTC] DEBUG: Formularz nie przeszedł walidacji
[14-Sep-2025 12:35:39 UTC] DEBUG CAPTCHA: Wprowadzony: '24836', Sesja: '98138'
[14-Sep-2025 12:35:39 UTC] DEBUG: Formularz nie przeszedł walidacji
[14-Sep-2025 12:36:03 UTC] DEBUG: Formularz przeszedł walidację - rozpoczynam wysyłanie maila
[14-Sep-2025 12:36:03 UTC] DEBUG: Próba wysłania maila do: enterparking@gmail.com
[14-Sep-2025 12:36:03 UTC] PHP Warning:  Trying to access array offset on value of type null in /var/www/html/rezerwacja.php on line 161
[14-Sep-2025 12:36:03 UTC] DEBUG: Błąd wysyłania maila do: enterparking@gmail.com - 
[14-Sep-2025 12:36:03 UTC] DEBUG: Próba wysłania maila do: furtakamil@gmail.com
[14-Sep-2025 12:36:03 UTC] DEBUG: Błąd wysyłania maila do: furtakamil@gmail.com - Trying to access array offset on value of type null
[14-Sep-2025 12:36:03 UTC] DEBUG: Żaden mail nie został wysłany
[14-Sep-2025 12:38:38 UTC] DEBUG: Formularz przeszedł walidację - rozpoczynam wysyłanie maila
[14-Sep-2025 12:38:38 UTC] DEBUG: Próba wysłania maila do: enterparking@gmail.com
[14-Sep-2025 12:38:38 UTC] PHP Warning:  Trying to access array offset on value of type null in /var/www/html/rezerwacja.php on line 161
[14-Sep-2025 12:38:38 UTC] DEBUG: Błąd wysyłania maila do: enterparking@gmail.com - 
[14-Sep-2025 12:38:38 UTC] DEBUG: Próba wysłania maila do: furtakamil@gmail.com
[14-Sep-2025 12:38:38 UTC] DEBUG: Błąd wysyłania maila do: furtakamil@gmail.com - Trying to access array offset on value of type null
[14-Sep-2025 12:38:38 UTC] DEBUG: Żaden mail nie został wysłany
[14-Sep-2025 12:41:27 UTC] DEBUG: Formularz przeszedł walidację - rozpoczynam wysyłanie maila
[14-Sep-2025 12:41:27 UTC] DEBUG: Próba wysłania maila do: enterparking@gmail.com
[14-Sep-2025 12:41:27 UTC] DEBUG: Błąd wysyłania maila do: enterparking@gmail.com - Nieznany błąd
[14-Sep-2025 12:41:27 UTC] DEBUG: Próba wysłania maila do: furtakamil@gmail.com
[14-Sep-2025 12:41:27 UTC] DEBUG: Błąd wysyłania maila do: furtakamil@gmail.com - Nieznany błąd
[14-Sep-2025 12:41:27 UTC] DEBUG: Żaden mail nie został wysłany
[14-Sep-2025 12:42:36 UTC] DEBUG: Formularz przeszedł walidację - rozpoczynam wysyłanie maila
[14-Sep-2025 12:42:36 UTC] DEBUG: Próba wysłania maila do: enterparking@gmail.com
[14-Sep-2025 12:42:36 UTC] DEBUG: Błąd wysyłania maila do: enterparking@gmail.com - Nieznany błąd
[14-Sep-2025 12:42:36 UTC] DEBUG: Próba wysłania maila do: furtakamil@gmail.com
[14-Sep-2025 12:42:36 UTC] DEBUG: Błąd wysyłania maila do: furtakamil@gmail.com - Nieznany błąd
[14-Sep-2025 12:42:36 UTC] DEBUG: Żaden mail nie został wysłany
[14-Sep-2025 12:43:24 UTC] DEBUG CAPTCHA: Wprowadzony: '32039', Sesja: '67537'
[14-Sep-2025 12:43:24 UTC] DEBUG: Formularz nie przeszedł walidacji
[14-Sep-2025 12:44:23 UTC] DEBUG CAPTCHA: Wprowadzony: '32039', Sesja: '67537'
[14-Sep-2025 12:44:23 UTC] DEBUG: Formularz nie przeszedł walidacji
[14-Sep-2025 12:44:24 UTC] DEBUG CAPTCHA: Wprowadzony: '32039', Sesja: '67537'
[14-Sep-2025 12:44:24 UTC] DEBUG: Formularz nie przeszedł walidacji
[14-Sep-2025 12:44:32 UTC] DEBUG CAPTCHA: Wprowadzony: '32039', Sesja: '67537'
[14-Sep-2025 12:44:32 UTC] DEBUG: Formularz nie przeszedł walidacji
[14-Sep-2025 12:45:07 UTC] DEBUG: Formularz przeszedł walidację - rozpoczynam wysyłanie maila
[14-Sep-2025 12:45:07 UTC] DEBUG: Próba wysłania maila do: enterparking@gmail.com
[14-Sep-2025 12:45:07 UTC] DEBUG: Błąd wysyłania maila do: enterparking@gmail.com - Nieznany błąd
[14-Sep-2025 12:45:07 UTC] DEBUG: Próba wysłania maila do: furtakamil@gmail.com
[14-Sep-2025 12:45:07 UTC] DEBUG: Błąd wysyłania maila do: furtakamil@gmail.com - Nieznany błąd
[14-Sep-2025 12:45:07 UTC] DEBUG: Żaden mail nie został wysłany
